../Core/Src/app.c:85:6:PC_Initialize	16	static
../Core/Src/app.c:165:6:PC_Tasks	16	static
../Core/Src/app.c:344:6:DRV_CANFDSPI_Init	16	static
../Core/Src/app.c:412:6:MOD_ReceiveMessages	64	static
../Core/Src/app.c:459:6:MOD_TransmitMessageQueue	32	static,ignoring_inline_asm
../Core/Src/app.c:486:6:MOD_RegisterModule	56	static
../Core/Src/app.c:546:6:MOD_DeRegisterAllModules	16	static
../Core/Src/app.c:575:6:MOD_IsolateAllModules	16	static
../Core/Src/app.c:605:6:MOD_RequestModuleStatus	24	static
../Core/Src/app.c:653:9:MOD_FindMaxVoltageModule	16	static
../Core/Src/app.c:674:6:MOD_ProcessModuleStatus1	64	static
../Core/Src/app.c:725:6:MOD_ProcessModuleStatus2	40	static
../Core/Src/app.c:768:6:MOD_ProcessModuleStatus3	40	static
../Core/Src/app.c:811:6:MOD_RequestCellDetail	72	static
../Core/Src/app.c:843:6:MOD_TransmitState	72	static
../Core/Src/app.c:883:6:MOD_ProcessCellDetail	56	static
../Core/Src/app.c:940:9:MOD_ModuleIndexFromId	24	static
../Core/Src/app.c:960:10:MOD_TicksSinceLastMessage	32	static
../Core/Src/app.c:981:6:CAN_TestRegisterAccess	24	static,ignoring_inline_asm
../Core/Src/app.c:1026:6:CAN_TestRamAccess	24	static,ignoring_inline_asm
