../Drivers/STM32WBxx_HAL_Driver/Inc/stm32wbxx_ll_rcc.h:1679:22:LL_RCC_LSE_SetDriveCapability	16	static
../Drivers/STM32WBxx_HAL_Driver/Inc/stm32wbxx_ll_bus.h:539:22:LL_AHB2_GRP1_EnableClock	24	static
../Core/Src/main.c:181:6:serialOut	16	static
../Core/Src/main.c:194:6:getTimeBCD	48	static
../Core/Src/main.c:210:6:writeRTC	88	static
../Core/Src/main.c:247:8:readRTC	88	static
../Core/Src/main.c:287:8:testTime	80	static
../Core/Src/main.c:323:6:switchLedOn	16	static
../Core/Src/main.c:339:6:switchLedOff	16	static
../Core/Src/main.c:359:6:HAL_GPIO_EXTI_Callback	16	static
../Core/Src/main.c:396:6:HAL_TIM_PeriodElapsedCallback	16	static
../Core/Src/main.c:419:5:main	8	static
../Core/Src/main.c:488:6:SystemClock_Config	112	static
../Core/Src/main.c:545:6:PeriphCommonClock_Config	88	static
../Core/Src/main.c:569:13:MX_LPUART1_UART_Init	8	static
../Core/Src/main.c:617:13:MX_USART1_UART_Init	8	static
../Core/Src/main.c:665:13:MX_PKA_Init	8	static
../Core/Src/main.c:691:13:MX_RTC_Init	8	static
../Core/Src/main.c:756:13:MX_SPI1_Init	8	static
../Core/Src/main.c:796:13:MX_SPI2_Init	8	static
../Core/Src/main.c:836:13:MX_TIM1_Init	120	static
../Core/Src/main.c:917:13:MX_USB_PCD_Init	8	static
../Core/Src/main.c:950:13:MX_GPIO_Init	32	static
../Core/Src/main.c:1169:6:Error_Handler	8	static
