../Core/Src/mcu.c:87:6:PCU_Initialize	16	static
../Core/Src/mcu.c:173:6:PCU_Tasks	24	static
../Core/Src/mcu.c:407:6:DRV_CANFDSPI_Init	16	static
../Core/Src/mcu.c:477:6:MCU_UpdateStats	96	static
../Core/Src/mcu.c:668:6:MCU_ReceiveMessages	64	static
../Core/Src/mcu.c:726:6:MCU_TransmitMessageQueue	32	static,ignoring_inline_asm
../Core/Src/mcu.c:757:6:MCU_RegisterModule	56	static
../Core/Src/mcu.c:829:6:MCU_DeRegisterAllModules	16	static
../Core/Src/mcu.c:858:6:MCU_IsolateAllModules	16	static
../Core/Src/mcu.c:889:6:MCU_ProcessModuleTime	32	static
../Core/Src/mcu.c:926:6:MCU_RequestHardware	24	static
../Core/Src/mcu.c:974:6:MCU_ProcessModuleHardware	88	static
../Core/Src/mcu.c:1063:6:MCU_RequestModuleStatus	24	static
../Core/Src/mcu.c:1113:9:MCU_FindMaxVoltageModule	16	static
../Core/Src/mcu.c:1137:6:MCU_ProcessModuleStatus1	152	static
../Core/Src/mcu.c:1222:6:MCU_ProcessModuleStatus2	104	static
../Core/Src/mcu.c:1278:6:MCU_ProcessModuleStatus3	80	static
../Core/Src/mcu.c:1333:6:MCU_ProcessCellCommStatus1	88	static
../Core/Src/mcu.c:1378:6:MCU_RequestCellDetail	24	static
../Core/Src/mcu.c:1410:6:MCU_TransmitState	40	static
../Core/Src/mcu.c:1452:6:MCU_ProcessCellDetail	56	static
../Core/Src/mcu.c:1509:9:MCU_ModuleIndexFromId	24	static
../Core/Src/mcu.c:1529:10:MCU_TicksSinceLastMessage	40	static
../Core/Src/mcu.c:1558:10:MCU_TicksSinceLastStateTx	40	static
../Core/Src/mcu.c:1588:6:CAN_TestRegisterAccess	24	static,ignoring_inline_asm
../Core/Src/mcu.c:1633:6:CAN_TestRamAccess	24	static,ignoring_inline_asm
