../Core/Src/vcu.c:77:6:VCU_ReceiveMessages	64	static
../Core/Src/vcu.c:111:6:VCU_TransmitMessageQueue	32	static,ignoring_inline_asm
../Core/Src/vcu.c:142:6:VCU_ProcessVcuCommand	32	static
../Core/Src/vcu.c:202:6:VCU_ProcessVcuTime	24	static
../Core/Src/vcu.c:233:10:VCU_TicksSinceLastMessage	24	static
../Core/Src/vcu.c:256:6:VCU_TransmitBmsState	32	static
../Core/Src/vcu.c:306:6:VCU_TransmitBmsData1	24	static
../Core/Src/vcu.c:357:6:VCU_TransmitBmsData2	24	static
../Core/Src/vcu.c:414:6:VCU_TransmitBmsData3	24	static
../Core/Src/vcu.c:467:6:VCU_TransmitBmsData5	24	static
../Core/Src/vcu.c:521:6:VCU_TransmitBmsData8	16	static
../Core/Src/vcu.c:563:6:VCU_TransmitBmsData9	16	static
../Core/Src/vcu.c:604:6:VCU_TransmitBmsData10	16	static
../Core/Src/vcu.c:642:6:VCU_RequestTime	8	static
