../Core/Src/canfdspi_api.c:109:8:DRV_CANFDSPI_Reset	32	static
../Core/Src/canfdspi_api.c:140:8:DRV_CANFDSPI_ReadByte	32	static
../Core/Src/canfdspi_api.c:169:8:DRV_CANFDSPI_WriteByte	32	static
../Core/Src/canfdspi_api.c:195:8:DRV_CANFDSPI_ReadWord	32	static
../Core/Src/canfdspi_api.c:233:8:DRV_CANFDSPI_WriteWord	32	static
../Core/Src/canfdspi_api.c:265:8:DRV_CANFDSPI_ReadHalfWord	32	static
../Core/Src/canfdspi_api.c:304:8:DRV_CANFDSPI_WriteHalfWord	32	static
../Core/Src/canfdspi_api.c:337:8:DRV_CANFDSPI_WriteByteSafe	32	static
../Core/Src/canfdspi_api.c:371:8:DRV_CANFDSPI_WriteWordSafe	32	static
../Core/Src/canfdspi_api.c:410:8:DRV_CANFDSPI_ReadByteArray	40	static
../Core/Src/canfdspi_api.c:453:8:DRV_CANFDSPI_ReadByteArrayWithCRC	40	static
../Core/Src/canfdspi_api.c:523:8:DRV_CANFDSPI_WriteByteArray	40	static
../Core/Src/canfdspi_api.c:560:8:DRV_CANFDSPI_WriteByteArrayWithCRC	40	static
../Core/Src/canfdspi_api.c:608:8:DRV_CANFDSPI_ReadWordArray	48	static
../Core/Src/canfdspi_api.c:659:8:DRV_CANFDSPI_WriteWordArray	48	static
../Core/Src/canfdspi_api.c:706:8:DRV_CANFDSPI_Configure	24	static
../Core/Src/canfdspi_api.c:734:8:DRV_CANFDSPI_ConfigureObjectReset	24	static
../Core/Src/canfdspi_api.c:759:8:DRV_CANFDSPI_OperationModeSelect	24	static
../Core/Src/canfdspi_api.c:784:20:DRV_CANFDSPI_OperationModeGet	24	static
../Core/Src/canfdspi_api.c:833:8:DRV_CANFDSPI_LowPowerModeEnable	24	static
../Core/Src/canfdspi_api.c:861:8:DRV_CANFDSPI_LowPowerModeDisable	24	static
../Core/Src/canfdspi_api.c:894:8:DRV_CANFDSPI_TransmitChannelConfigure	24	static
../Core/Src/canfdspi_api.c:918:8:DRV_CANFDSPI_TransmitChannelConfigureObjectReset	24	static
../Core/Src/canfdspi_api.c:932:8:DRV_CANFDSPI_TransmitQueueConfigure	24	static
../Core/Src/canfdspi_api.c:954:8:DRV_CANFDSPI_TransmitQueueConfigureObjectReset	24	static
../Core/Src/canfdspi_api.c:967:8:DRV_CANFDSPI_TransmitChannelLoad	136	static
../Core/Src/canfdspi_api.c:1056:8:DRV_CANFDSPI_TransmitChannelFlush	24	static
../Core/Src/canfdspi_api.c:1076:8:DRV_CANFDSPI_TransmitChannelStatusGet	40	static
../Core/Src/canfdspi_api.c:1110:8:DRV_CANFDSPI_TransmitChannelReset	16	static
../Core/Src/canfdspi_api.c:1115:8:DRV_CANFDSPI_TransmitChannelUpdate	24	static
../Core/Src/canfdspi_api.c:1140:8:DRV_CANFDSPI_TransmitRequestSet	24	static
../Core/Src/canfdspi_api.c:1153:8:DRV_CANFDSPI_TransmitRequestGet	24	static
../Core/Src/canfdspi_api.c:1163:8:DRV_CANFDSPI_TransmitChannelAbort	24	static
../Core/Src/canfdspi_api.c:1183:8:DRV_CANFDSPI_TransmitAbortAll	24	static
../Core/Src/canfdspi_api.c:1206:8:DRV_CANFDSPI_TransmitBandWidthSharingSet	24	static
../Core/Src/canfdspi_api.c:1236:8:DRV_CANFDSPI_FilterObjectConfigure	24	static
../Core/Src/canfdspi_api.c:1253:8:DRV_CANFDSPI_FilterMaskConfigure	24	static
../Core/Src/canfdspi_api.c:1270:8:DRV_CANFDSPI_FilterToFifoLink	32	static
../Core/Src/canfdspi_api.c:1293:8:DRV_CANFDSPI_FilterEnable	24	static
../Core/Src/canfdspi_api.c:1319:8:DRV_CANFDSPI_FilterDisable	24	static
../Core/Src/canfdspi_api.c:1345:8:DRV_CANFDSPI_DeviceNetFilterCountSet	24	static
../Core/Src/canfdspi_api.c:1370:8:DRV_CANFDSPI_ReceiveChannelConfigure	24	static
../Core/Src/canfdspi_api.c:1396:8:DRV_CANFDSPI_ReceiveChannelConfigureObjectReset	24	static
../Core/Src/canfdspi_api.c:1408:8:DRV_CANFDSPI_ReceiveChannelStatusGet	24	static
../Core/Src/canfdspi_api.c:1430:8:DRV_CANFDSPI_ReceiveMessageGet	136	static
../Core/Src/canfdspi_api.c:1537:8:DRV_CANFDSPI_ReceiveChannelReset	24	static
../Core/Src/canfdspi_api.c:1554:8:DRV_CANFDSPI_ReceiveChannelUpdate	24	static
../Core/Src/canfdspi_api.c:1576:8:DRV_CANFDSPI_TefStatusGet	24	static
../Core/Src/canfdspi_api.c:1598:8:DRV_CANFDSPI_TefMessageGet	64	static
../Core/Src/canfdspi_api.c:1681:8:DRV_CANFDSPI_TefReset	24	static
../Core/Src/canfdspi_api.c:1698:8:DRV_CANFDSPI_TefUpdate	24	static
../Core/Src/canfdspi_api.c:1715:8:DRV_CANFDSPI_TefConfigure	24	static
../Core/Src/canfdspi_api.c:1731:8:DRV_CANFDSPI_TefConfigureObjectReset	24	static
../Core/Src/canfdspi_api.c:1747:8:DRV_CANFDSPI_ModuleEventGet	24	static
../Core/Src/canfdspi_api.c:1767:8:DRV_CANFDSPI_ModuleEventEnable	24	static
../Core/Src/canfdspi_api.c:1795:8:DRV_CANFDSPI_ModuleEventDisable	24	static
../Core/Src/canfdspi_api.c:1823:8:DRV_CANFDSPI_ModuleEventClear	24	static
../Core/Src/canfdspi_api.c:1850:8:DRV_CANFDSPI_ModuleEventRxCodeGet	24	static
../Core/Src/canfdspi_api.c:1876:8:DRV_CANFDSPI_ModuleEventTxCodeGet	24	static
../Core/Src/canfdspi_api.c:1902:8:DRV_CANFDSPI_ModuleEventFilterHitGet	24	static
../Core/Src/canfdspi_api.c:1923:8:DRV_CANFDSPI_ModuleEventIcodeGet	24	static
../Core/Src/canfdspi_api.c:1952:8:DRV_CANFDSPI_TransmitChannelEventGet	24	static
../Core/Src/canfdspi_api.c:1974:8:DRV_CANFDSPI_TransmitEventGet	24	static
../Core/Src/canfdspi_api.c:1983:8:DRV_CANFDSPI_TransmitEventAttemptGet	24	static
../Core/Src/canfdspi_api.c:1993:8:DRV_CANFDSPI_TransmitChannelIndexGet	24	static
../Core/Src/canfdspi_api.c:2015:8:DRV_CANFDSPI_TransmitChannelEventEnable	24	static
../Core/Src/canfdspi_api.c:2043:8:DRV_CANFDSPI_TransmitChannelEventDisable	24	static
../Core/Src/canfdspi_api.c:2071:8:DRV_CANFDSPI_TransmitChannelEventAttemptClear	24	static
../Core/Src/canfdspi_api.c:2104:8:DRV_CANFDSPI_ReceiveChannelEventGet	24	static
../Core/Src/canfdspi_api.c:2128:8:DRV_CANFDSPI_ReceiveEventGet	24	static
../Core/Src/canfdspi_api.c:2137:8:DRV_CANFDSPI_ReceiveEventOverflowGet	24	static
../Core/Src/canfdspi_api.c:2147:8:DRV_CANFDSPI_ReceiveChannelIndexGet	16	static
../Core/Src/canfdspi_api.c:2153:8:DRV_CANFDSPI_ReceiveChannelEventEnable	24	static
../Core/Src/canfdspi_api.c:2183:8:DRV_CANFDSPI_ReceiveChannelEventDisable	24	static
../Core/Src/canfdspi_api.c:2213:8:DRV_CANFDSPI_ReceiveChannelEventOverflowClear	24	static
../Core/Src/canfdspi_api.c:2248:8:DRV_CANFDSPI_TefEventGet	24	static
../Core/Src/canfdspi_api.c:2270:8:DRV_CANFDSPI_TefEventEnable	24	static
../Core/Src/canfdspi_api.c:2298:8:DRV_CANFDSPI_TefEventDisable	24	static
../Core/Src/canfdspi_api.c:2326:8:DRV_CANFDSPI_TefEventOverflowClear	24	static
../Core/Src/canfdspi_api.c:2358:8:DRV_CANFDSPI_ErrorCountTransmitGet	24	static
../Core/Src/canfdspi_api.c:2372:8:DRV_CANFDSPI_ErrorCountReceiveGet	24	static
../Core/Src/canfdspi_api.c:2386:8:DRV_CANFDSPI_ErrorStateGet	24	static
../Core/Src/canfdspi_api.c:2407:8:DRV_CANFDSPI_ErrorCountStateGet	32	static
../Core/Src/canfdspi_api.c:2431:8:DRV_CANFDSPI_BusDiagnosticsGet	48	static
../Core/Src/canfdspi_api.c:2455:8:DRV_CANFDSPI_BusDiagnosticsClear	32	static
../Core/Src/canfdspi_api.c:2476:8:DRV_CANFDSPI_EccEnable	24	static
../Core/Src/canfdspi_api.c:2499:8:DRV_CANFDSPI_EccDisable	24	static
../Core/Src/canfdspi_api.c:2522:8:DRV_CANFDSPI_EccEventGet	24	static
../Core/Src/canfdspi_api.c:2543:8:DRV_CANFDSPI_EccParitySet	24	static
../Core/Src/canfdspi_api.c:2554:8:DRV_CANFDSPI_EccParityGet	24	static
../Core/Src/canfdspi_api.c:2565:8:DRV_CANFDSPI_EccErrorAddressGet	24	static
../Core/Src/canfdspi_api.c:2583:8:DRV_CANFDSPI_EccEventEnable	24	static
../Core/Src/canfdspi_api.c:2610:8:DRV_CANFDSPI_EccEventDisable	24	static
../Core/Src/canfdspi_api.c:2637:8:DRV_CANFDSPI_EccEventClear	24	static
../Core/Src/canfdspi_api.c:2669:8:DRV_CANFDSPI_CrcEventEnable	24	static
../Core/Src/canfdspi_api.c:2696:8:DRV_CANFDSPI_CrcEventDisable	24	static
../Core/Src/canfdspi_api.c:2723:8:DRV_CANFDSPI_CrcEventClear	24	static
../Core/Src/canfdspi_api.c:2750:8:DRV_CANFDSPI_CrcEventGet	24	static
../Core/Src/canfdspi_api.c:2770:8:DRV_CANFDSPI_CrcValueGet	24	static
../Core/Src/canfdspi_api.c:2780:8:DRV_CANFDSPI_RamInit	72	static
../Core/Src/canfdspi_api.c:2809:8:DRV_CANFDSPI_TimeStampEnable	24	static
../Core/Src/canfdspi_api.c:2832:8:DRV_CANFDSPI_TimeStampDisable	24	static
../Core/Src/canfdspi_api.c:2855:8:DRV_CANFDSPI_TimeStampGet	24	static
../Core/Src/canfdspi_api.c:2865:8:DRV_CANFDSPI_TimeStampSet	24	static
../Core/Src/canfdspi_api.c:2875:8:DRV_CANFDSPI_TimeStampModeConfigure	24	static
../Core/Src/canfdspi_api.c:2900:8:DRV_CANFDSPI_TimeStampPrescalerSet	24	static
../Core/Src/canfdspi_api.c:2916:8:DRV_CANFDSPI_OscillatorEnable	24	static
../Core/Src/canfdspi_api.c:2939:8:DRV_CANFDSPI_OscillatorControlSet	24	static
../Core/Src/canfdspi_api.c:2961:8:DRV_CANFDSPI_OscillatorControlObjectReset	24	static
../Core/Src/canfdspi_api.c:2974:8:DRV_CANFDSPI_OscillatorStatusGet	32	static
../Core/Src/canfdspi_api.c:2998:8:DRV_CANFDSPI_BitTimeConfigure	32	static
../Core/Src/canfdspi_api.c:3032:8:DRV_CANFDSPI_BitTimeConfigureNominal40MHz	24	static
../Core/Src/canfdspi_api.c:3097:8:DRV_CANFDSPI_BitTimeConfigureData40MHz	32	static
../Core/Src/canfdspi_api.c:3289:8:DRV_CANFDSPI_BitTimeConfigureNominal20MHz	24	static
../Core/Src/canfdspi_api.c:3356:8:DRV_CANFDSPI_BitTimeConfigureData20MHz	32	static
../Core/Src/canfdspi_api.c:3509:8:DRV_CANFDSPI_BitTimeConfigureNominal10MHz	24	static
../Core/Src/canfdspi_api.c:3576:8:DRV_CANFDSPI_BitTimeConfigureData10MHz	32	static
../Core/Src/canfdspi_api.c:3702:8:DRV_CANFDSPI_GpioModeConfigure	24	static
../Core/Src/canfdspi_api.c:3731:8:DRV_CANFDSPI_GpioDirectionConfigure	24	static
../Core/Src/canfdspi_api.c:3760:8:DRV_CANFDSPI_GpioStandbyControlEnable	24	static
../Core/Src/canfdspi_api.c:3787:8:DRV_CANFDSPI_GpioStandbyControlDisable	24	static
../Core/Src/canfdspi_api.c:3814:8:DRV_CANFDSPI_GpioInterruptPinsOpenDrainConfigure	24	static
../Core/Src/canfdspi_api.c:3842:8:DRV_CANFDSPI_GpioTransmitPinOpenDrainConfigure	24	static
../Core/Src/canfdspi_api.c:3870:8:DRV_CANFDSPI_GpioPinSet	24	static
../Core/Src/canfdspi_api.c:3908:8:DRV_CANFDSPI_GpioPinRead	24	static
../Core/Src/canfdspi_api.c:3940:8:DRV_CANFDSPI_GpioClockOutputConfigure	24	static
../Core/Src/canfdspi_api.c:3973:10:DRV_CANFDSPI_DlcToDataBytes	24	static
../Core/Src/canfdspi_api.c:4013:8:DRV_CANFDSPI_FifoIndexGet	24	static
../Core/Src/canfdspi_api.c:4035:10:DRV_CANFDSPI_CalculateCRC16	24	static
../Core/Src/canfdspi_api.c:4048:9:DRV_CANFDSPI_DataBytesToDlc	24	static
