../Core/Src/mcu.c:88:6:PCU_Initialize	16	static
../Core/Src/mcu.c:212:6:PCU_Tasks	24	static
../Core/Src/mcu.c:494:6:DRV_CANFDSPI_Init	16	static
../Core/Src/mcu.c:564:6:MCU_UpdateStats	96	static
../Core/Src/mcu.c:755:6:MCU_ReceiveMessages	64	static
../Core/Src/mcu.c:813:6:MCU_TransmitMessageQueue	32	static,ignoring_inline_asm
../Core/Src/mcu.c:844:6:MCU_RegisterModule	56	static
../Core/Src/mcu.c:916:6:MCU_DeRegisterAllModules	16	static
../Core/Src/mcu.c:945:6:MCU_IsolateAllModules	16	static
../Core/Src/mcu.c:976:6:MCU_ProcessModuleTime	32	static
../Core/Src/mcu.c:1013:6:MCU_RequestHardware	24	static
../Core/Src/mcu.c:1061:6:MCU_ProcessModuleHardware	88	static
../Core/Src/mcu.c:1150:6:MCU_RequestModuleStatus	24	static
../Core/Src/mcu.c:1200:9:MCU_FindMaxVoltageModule	16	static
../Core/Src/mcu.c:1224:6:MCU_ProcessModuleStatus1	152	static
../Core/Src/mcu.c:1309:6:MCU_ProcessModuleStatus2	104	static
../Core/Src/mcu.c:1365:6:MCU_ProcessModuleStatus3	80	static
../Core/Src/mcu.c:1420:6:MCU_ProcessCellCommStatus1	88	static
../Core/Src/mcu.c:1465:6:MCU_RequestCellDetail	24	static
../Core/Src/mcu.c:1497:6:MCU_TransmitState	40	static
../Core/Src/mcu.c:1540:6:MCU_TransmitMaxState	24	static
../Core/Src/mcu.c:1583:6:MCU_ProcessCellDetail	56	static
../Core/Src/mcu.c:1640:9:MCU_ModuleIndexFromId	24	static
../Core/Src/mcu.c:1660:10:MCU_TicksSinceLastMessage	40	static
../Core/Src/mcu.c:1689:10:MCU_TicksSinceLastStateTx	40	static
../Core/Src/mcu.c:1719:6:CAN_TestRegisterAccess	24	static,ignoring_inline_asm
../Core/Src/mcu.c:1764:6:CAN_TestRamAccess	24	static,ignoring_inline_asm
