../Core/Src/vcu.c:92:6:VCU_ReceiveMessages	64	static
../Core/Src/vcu.c:133:6:VCU_TransmitMessageQueue	32	static,ignoring_inline_asm
../Core/Src/vcu.c:164:6:VCU_ProcessVcuCommand	32	static
../Core/Src/vcu.c:227:6:VCU_ProcessVcuModuleCommand	24	static
../Core/Src/vcu.c:271:6:VCU_ProcessVcuKeepAlive	16	static
../Core/Src/vcu.c:301:6:VCU_ProcessVcuTime	24	static
../Core/Src/vcu.c:332:6:VCU_ProcessReadEeprom	32	static
../Core/Src/vcu.c:395:6:VCU_ProcessWriteEeprom	32	static
../Core/Src/vcu.c:463:6:VCU_ProcessVcuRequestModuleList	4	static
../Core/Src/vcu.c:472:10:VCU_TicksSinceLastMessage	24	static
../Core/Src/vcu.c:495:6:VCU_TransmitBmsState	32	static
../Core/Src/vcu.c:545:6:VCU_TransmitBmsData1	24	static
../Core/Src/vcu.c:596:6:VCU_TransmitBmsData2	24	static
../Core/Src/vcu.c:653:6:VCU_TransmitBmsData3	24	static
../Core/Src/vcu.c:706:6:VCU_TransmitBmsData5	24	static
../Core/Src/vcu.c:760:6:VCU_TransmitBmsData8	16	static
../Core/Src/vcu.c:802:6:VCU_TransmitBmsData9	16	static
../Core/Src/vcu.c:843:6:VCU_TransmitBmsData10	16	static
../Core/Src/vcu.c:882:6:VCU_TransmitModuleState	24	static
../Core/Src/vcu.c:930:6:VCU_TransmitModulePower	32	static
../Core/Src/vcu.c:971:6:VCU_TransmitModuleCellVoltage	32	static
../Core/Src/vcu.c:1012:6:VCU_TransmitModuleCellTemp	32	static
../Core/Src/vcu.c:1052:6:VCU_TransmitModuleCellId	4	static
../Core/Src/vcu.c:1097:6:VCU_TransmitModuleLimits	32	static
../Core/Src/vcu.c:1137:6:VCU_TransmitModuleList	4	static
../Core/Src/vcu.c:1152:6:VCU_RequestTime	8	static
