../Drivers/STM32WBxx_HAL_Driver/Src/stm32wbxx_hal_pka.c:342:19:HAL_PKA_Init	24	static
../Drivers/STM32WBxx_HAL_Driver/Src/stm32wbxx_hal_pka.c:401:19:HAL_PKA_DeInit	24	static
../Drivers/STM32WBxx_HAL_Driver/Src/stm32wbxx_hal_pka.c:453:13:HAL_PKA_MspInit	16	static
../Drivers/STM32WBxx_HAL_Driver/Src/stm32wbxx_hal_pka.c:468:13:HAL_PKA_MspDeInit	16	static
../Drivers/STM32WBxx_HAL_Driver/Src/stm32wbxx_hal_pka.c:759:19:HAL_PKA_ModExp	24	static
../Drivers/STM32WBxx_HAL_Driver/Src/stm32wbxx_hal_pka.c:774:19:HAL_PKA_ModExp_IT	16	static
../Drivers/STM32WBxx_HAL_Driver/Src/stm32wbxx_hal_pka.c:790:19:HAL_PKA_ModExpFastMode	24	static
../Drivers/STM32WBxx_HAL_Driver/Src/stm32wbxx_hal_pka.c:805:19:HAL_PKA_ModExpFastMode_IT	16	static
../Drivers/STM32WBxx_HAL_Driver/Src/stm32wbxx_hal_pka.c:821:6:HAL_PKA_ModExp_GetResult	24	static
../Drivers/STM32WBxx_HAL_Driver/Src/stm32wbxx_hal_pka.c:839:19:HAL_PKA_ECDSASign	24	static
../Drivers/STM32WBxx_HAL_Driver/Src/stm32wbxx_hal_pka.c:854:19:HAL_PKA_ECDSASign_IT	16	static
../Drivers/STM32WBxx_HAL_Driver/Src/stm32wbxx_hal_pka.c:869:6:HAL_PKA_ECDSASign_GetResult	32	static
../Drivers/STM32WBxx_HAL_Driver/Src/stm32wbxx_hal_pka.c:898:19:HAL_PKA_ECDSAVerif	24	static
../Drivers/STM32WBxx_HAL_Driver/Src/stm32wbxx_hal_pka.c:914:19:HAL_PKA_ECDSAVerif_IT	16	static
../Drivers/STM32WBxx_HAL_Driver/Src/stm32wbxx_hal_pka.c:928:10:HAL_PKA_ECDSAVerif_IsValidSignature	16	static
../Drivers/STM32WBxx_HAL_Driver/Src/stm32wbxx_hal_pka.c:941:19:HAL_PKA_RSACRTExp	24	static
../Drivers/STM32WBxx_HAL_Driver/Src/stm32wbxx_hal_pka.c:956:19:HAL_PKA_RSACRTExp_IT	16	static
../Drivers/STM32WBxx_HAL_Driver/Src/stm32wbxx_hal_pka.c:971:6:HAL_PKA_RSACRTExp_GetResult	24	static
../Drivers/STM32WBxx_HAL_Driver/Src/stm32wbxx_hal_pka.c:988:19:HAL_PKA_PointCheck	24	static
../Drivers/STM32WBxx_HAL_Driver/Src/stm32wbxx_hal_pka.c:1003:19:HAL_PKA_PointCheck_IT	16	static
../Drivers/STM32WBxx_HAL_Driver/Src/stm32wbxx_hal_pka.c:1017:10:HAL_PKA_PointCheck_IsOnCurve	16	static
../Drivers/STM32WBxx_HAL_Driver/Src/stm32wbxx_hal_pka.c:1031:19:HAL_PKA_ECCMul	24	static
../Drivers/STM32WBxx_HAL_Driver/Src/stm32wbxx_hal_pka.c:1046:19:HAL_PKA_ECCMul_IT	16	static
../Drivers/STM32WBxx_HAL_Driver/Src/stm32wbxx_hal_pka.c:1061:19:HAL_PKA_ECCMulFastMode	24	static
../Drivers/STM32WBxx_HAL_Driver/Src/stm32wbxx_hal_pka.c:1076:19:HAL_PKA_ECCMulFastMode_IT	16	static
../Drivers/STM32WBxx_HAL_Driver/Src/stm32wbxx_hal_pka.c:1090:6:HAL_PKA_ECCMul_GetResult	24	static
../Drivers/STM32WBxx_HAL_Driver/Src/stm32wbxx_hal_pka.c:1113:19:HAL_PKA_Add	32	static
../Drivers/STM32WBxx_HAL_Driver/Src/stm32wbxx_hal_pka.c:1128:19:HAL_PKA_Add_IT	24	static
../Drivers/STM32WBxx_HAL_Driver/Src/stm32wbxx_hal_pka.c:1144:19:HAL_PKA_Sub	32	static
../Drivers/STM32WBxx_HAL_Driver/Src/stm32wbxx_hal_pka.c:1159:19:HAL_PKA_Sub_IT	24	static
../Drivers/STM32WBxx_HAL_Driver/Src/stm32wbxx_hal_pka.c:1175:19:HAL_PKA_Mul	32	static
../Drivers/STM32WBxx_HAL_Driver/Src/stm32wbxx_hal_pka.c:1190:19:HAL_PKA_Mul_IT	24	static
../Drivers/STM32WBxx_HAL_Driver/Src/stm32wbxx_hal_pka.c:1206:19:HAL_PKA_Cmp	32	static
../Drivers/STM32WBxx_HAL_Driver/Src/stm32wbxx_hal_pka.c:1221:19:HAL_PKA_Cmp_IT	24	static
../Drivers/STM32WBxx_HAL_Driver/Src/stm32wbxx_hal_pka.c:1237:19:HAL_PKA_ModAdd	32	static
../Drivers/STM32WBxx_HAL_Driver/Src/stm32wbxx_hal_pka.c:1252:19:HAL_PKA_ModAdd_IT	24	static
../Drivers/STM32WBxx_HAL_Driver/Src/stm32wbxx_hal_pka.c:1268:19:HAL_PKA_ModInv	24	static
../Drivers/STM32WBxx_HAL_Driver/Src/stm32wbxx_hal_pka.c:1283:19:HAL_PKA_ModInv_IT	16	static
../Drivers/STM32WBxx_HAL_Driver/Src/stm32wbxx_hal_pka.c:1299:19:HAL_PKA_ModSub	32	static
../Drivers/STM32WBxx_HAL_Driver/Src/stm32wbxx_hal_pka.c:1314:19:HAL_PKA_ModSub_IT	24	static
../Drivers/STM32WBxx_HAL_Driver/Src/stm32wbxx_hal_pka.c:1330:19:HAL_PKA_ModRed	24	static
../Drivers/STM32WBxx_HAL_Driver/Src/stm32wbxx_hal_pka.c:1345:19:HAL_PKA_ModRed_IT	16	static
../Drivers/STM32WBxx_HAL_Driver/Src/stm32wbxx_hal_pka.c:1361:19:HAL_PKA_MontgomeryMul	32	static
../Drivers/STM32WBxx_HAL_Driver/Src/stm32wbxx_hal_pka.c:1376:19:HAL_PKA_MontgomeryMul_IT	24	static
../Drivers/STM32WBxx_HAL_Driver/Src/stm32wbxx_hal_pka.c:1390:6:HAL_PKA_Arithmetic_GetResult	24	static
../Drivers/STM32WBxx_HAL_Driver/Src/stm32wbxx_hal_pka.c:1454:19:HAL_PKA_MontgomeryParam	24	static
../Drivers/STM32WBxx_HAL_Driver/Src/stm32wbxx_hal_pka.c:1469:19:HAL_PKA_MontgomeryParam_IT	16	static
../Drivers/STM32WBxx_HAL_Driver/Src/stm32wbxx_hal_pka.c:1485:6:HAL_PKA_MontgomeryParam_GetResult	24	static
../Drivers/STM32WBxx_HAL_Driver/Src/stm32wbxx_hal_pka.c:1501:19:HAL_PKA_Abort	24	static
../Drivers/STM32WBxx_HAL_Driver/Src/stm32wbxx_hal_pka.c:1527:6:HAL_PKA_RAMReset	24	static
../Drivers/STM32WBxx_HAL_Driver/Src/stm32wbxx_hal_pka.c:1544:6:HAL_PKA_IRQHandler	24	static
../Drivers/STM32WBxx_HAL_Driver/Src/stm32wbxx_hal_pka.c:1610:13:HAL_PKA_OperationCpltCallback	16	static
../Drivers/STM32WBxx_HAL_Driver/Src/stm32wbxx_hal_pka.c:1625:13:HAL_PKA_ErrorCallback	16	static
../Drivers/STM32WBxx_HAL_Driver/Src/stm32wbxx_hal_pka.c:1658:22:HAL_PKA_GetState	16	static
../Drivers/STM32WBxx_HAL_Driver/Src/stm32wbxx_hal_pka.c:1669:10:HAL_PKA_GetError	16	static
../Drivers/STM32WBxx_HAL_Driver/Src/stm32wbxx_hal_pka.c:1692:10:PKA_GetMode	16	static
../Drivers/STM32WBxx_HAL_Driver/Src/stm32wbxx_hal_pka.c:1705:19:PKA_PollEndOfOperation	24	static
../Drivers/STM32WBxx_HAL_Driver/Src/stm32wbxx_hal_pka.c:1728:10:PKA_CheckError	24	static
../Drivers/STM32WBxx_HAL_Driver/Src/stm32wbxx_hal_pka.c:1762:10:PKA_GetBitSize_u8	16	static
../Drivers/STM32WBxx_HAL_Driver/Src/stm32wbxx_hal_pka.c:1773:10:PKA_GetOptBitSize_u8	24	static
../Drivers/STM32WBxx_HAL_Driver/Src/stm32wbxx_hal_pka.c:1786:10:PKA_GetBitSize_u32	16	static
../Drivers/STM32WBxx_HAL_Driver/Src/stm32wbxx_hal_pka.c:1796:10:PKA_GetArraySize_u8	16	static
../Drivers/STM32WBxx_HAL_Driver/Src/stm32wbxx_hal_pka.c:1811:6:PKA_Memcpy_u32_to_u8	32	static
../Drivers/STM32WBxx_HAL_Driver/Src/stm32wbxx_hal_pka.c:1861:6:PKA_Memcpy_u8_to_u32	32	static
../Drivers/STM32WBxx_HAL_Driver/Src/stm32wbxx_hal_pka.c:1909:6:PKA_Memcpy_u32_to_u32	32	static
../Drivers/STM32WBxx_HAL_Driver/Src/stm32wbxx_hal_pka.c:1934:19:PKA_Process	32	static
../Drivers/STM32WBxx_HAL_Driver/Src/stm32wbxx_hal_pka.c:1997:19:PKA_Process_IT	24	static
../Drivers/STM32WBxx_HAL_Driver/Src/stm32wbxx_hal_pka.c:2028:6:PKA_ModExp_Set	24	static
../Drivers/STM32WBxx_HAL_Driver/Src/stm32wbxx_hal_pka.c:2054:6:PKA_ModExpFastMode_Set	24	static
../Drivers/STM32WBxx_HAL_Driver/Src/stm32wbxx_hal_pka.c:2086:6:PKA_ECDSASign_Set	24	static
../Drivers/STM32WBxx_HAL_Driver/Src/stm32wbxx_hal_pka.c:2135:6:PKA_ECDSAVerif_Set	24	static
../Drivers/STM32WBxx_HAL_Driver/Src/stm32wbxx_hal_pka.c:2194:6:PKA_RSACRTExp_Set	24	static
../Drivers/STM32WBxx_HAL_Driver/Src/stm32wbxx_hal_pka.c:2229:6:PKA_PointCheck_Set	24	static
../Drivers/STM32WBxx_HAL_Driver/Src/stm32wbxx_hal_pka.c:2263:6:PKA_ECCMul_Set	24	static
../Drivers/STM32WBxx_HAL_Driver/Src/stm32wbxx_hal_pka.c:2303:6:PKA_ECCMulFastMode_Set	24	static
../Drivers/STM32WBxx_HAL_Driver/Src/stm32wbxx_hal_pka.c:2344:6:PKA_ModInv_Set	24	static
../Drivers/STM32WBxx_HAL_Driver/Src/stm32wbxx_hal_pka.c:2363:6:PKA_ModRed_Set	24	static
../Drivers/STM32WBxx_HAL_Driver/Src/stm32wbxx_hal_pka.c:2386:6:PKA_MontgomeryParam_Set	40	static
../Drivers/STM32WBxx_HAL_Driver/Src/stm32wbxx_hal_pka.c:2419:6:PKA_ARI_Set	32	static
