../Core/Src/main.c:84:6:serialOut	16	static
../Core/Src/main.c:96:6:getTime	48	static
../Core/Src/main.c:112:6:HAL_GPIO_EXTI_Callback	16	static
../Core/Src/main.c:138:6:writeRTC	88	static
../Core/Src/main.c:175:8:readRTC	88	static
../Core/Src/main.c:215:8:testTime	80	static
../Core/Src/main.c:256:5:main	8	static
../Core/Src/main.c:306:6:SystemClock_Config	88	static
../Core/Src/main.c:353:13:MX_RTC_Init	8	static
../Core/Src/main.c:388:13:MX_SPI1_Init	8	static
../Core/Src/main.c:426:13:MX_USART2_UART_Init	8	static
../Core/Src/main.c:462:13:MX_GPIO_Init	40	static
../Core/Src/main.c:520:6:Error_Handler	4	static,ignoring_inline_asm
